Error: address is not a multiple of 4.
